// Vitest Snapshot v1

exports[`mounts component 1`] = `
<div>
  <div
    class="items-center gap-2 p-5 flex flex-col"
  >
    <div
      class="flex gap-4 items-center mb-4"
    >
      <img
        class="rounded-full w-10 h-10"
        src="https://test.com"
      />
      <p
        class="m-0"
      >
         Welcome 
        <span
          class="font-bold"
        >
          sara
        </span>
      </p>
    </div>
    <button
      class="text-slate-100 bg-axo-orange hover:bg-axo-orange-dark border-transparent w-40 min-w-max p-3 rounded text-lg pointer transition disabled:opacity-60 disabled:cursor-default border-2"
    >
      
       Logout 
      
    </button>
  </div>
</div>
`;
